------------------------------------------------------------
Timing Analyzer Summary
------------------------------------------------------------

Type  : Slow 1100mV 100C Model Setup 'inst2|pll_inst|altera_pll_i|general[0].gpll~PLL_OUTPUT_COUNTER|divclk'
Slack : 7.245
TNS   : 0.000

Type  : Slow 1100mV 100C Model Hold 'inst2|pll_inst|altera_pll_i|general[0].gpll~PLL_OUTPUT_COUNTER|divclk'
Slack : 0.434
TNS   : 0.000

Type  : Slow 1100mV 100C Model Minimum Pulse Width 'inst2|pll_inst|altera_pll_i|general[0].gpll~FRACTIONAL_PLL|vcoph[0]'
Slack : 0.083
TNS   : 0.000

Type  : Slow 1100mV 100C Model Minimum Pulse Width 'clk_50'
Slack : 0.444
TNS   : 0.000

Type  : Slow 1100mV 100C Model Minimum Pulse Width 'inst2|pll_inst|altera_pll_i|general[0].gpll~PLL_OUTPUT_COUNTER|divclk'
Slack : 4.274
TNS   : 0.000

Type  : Slow 1100mV -40C Model Setup 'inst2|pll_inst|altera_pll_i|general[0].gpll~PLL_OUTPUT_COUNTER|divclk'
Slack : 6.980
TNS   : 0.000

Type  : Slow 1100mV -40C Model Hold 'inst2|pll_inst|altera_pll_i|general[0].gpll~PLL_OUTPUT_COUNTER|divclk'
Slack : 0.456
TNS   : 0.000

Type  : Slow 1100mV -40C Model Minimum Pulse Width 'inst2|pll_inst|altera_pll_i|general[0].gpll~FRACTIONAL_PLL|vcoph[0]'
Slack : 0.083
TNS   : 0.000

Type  : Slow 1100mV -40C Model Minimum Pulse Width 'clk_50'
Slack : 0.468
TNS   : 0.000

Type  : Slow 1100mV -40C Model Minimum Pulse Width 'inst2|pll_inst|altera_pll_i|general[0].gpll~PLL_OUTPUT_COUNTER|divclk'
Slack : 4.192
TNS   : 0.000

Type  : Fast 1100mV 100C Model Setup 'inst2|pll_inst|altera_pll_i|general[0].gpll~PLL_OUTPUT_COUNTER|divclk'
Slack : 8.736
TNS   : 0.000

Type  : Fast 1100mV 100C Model Hold 'inst2|pll_inst|altera_pll_i|general[0].gpll~PLL_OUTPUT_COUNTER|divclk'
Slack : 0.188
TNS   : 0.000

Type  : Fast 1100mV 100C Model Minimum Pulse Width 'inst2|pll_inst|altera_pll_i|general[0].gpll~FRACTIONAL_PLL|vcoph[0]'
Slack : 0.083
TNS   : 0.000

Type  : Fast 1100mV 100C Model Minimum Pulse Width 'clk_50'
Slack : 0.146
TNS   : 0.000

Type  : Fast 1100mV 100C Model Minimum Pulse Width 'inst2|pll_inst|altera_pll_i|general[0].gpll~PLL_OUTPUT_COUNTER|divclk'
Slack : 4.557
TNS   : 0.000

Type  : Fast 1100mV -40C Model Setup 'inst2|pll_inst|altera_pll_i|general[0].gpll~PLL_OUTPUT_COUNTER|divclk'
Slack : 8.768
TNS   : 0.000

Type  : Fast 1100mV -40C Model Hold 'inst2|pll_inst|altera_pll_i|general[0].gpll~PLL_OUTPUT_COUNTER|divclk'
Slack : 0.173
TNS   : 0.000

Type  : Fast 1100mV -40C Model Minimum Pulse Width 'inst2|pll_inst|altera_pll_i|general[0].gpll~FRACTIONAL_PLL|vcoph[0]'
Slack : 0.083
TNS   : 0.000

Type  : Fast 1100mV -40C Model Minimum Pulse Width 'clk_50'
Slack : 0.134
TNS   : 0.000

Type  : Fast 1100mV -40C Model Minimum Pulse Width 'inst2|pll_inst|altera_pll_i|general[0].gpll~PLL_OUTPUT_COUNTER|divclk'
Slack : 4.548
TNS   : 0.000

------------------------------------------------------------
